V3 3
FL /home/juhyeong/Xilinx_ISE_DS_Lin_14.7_1015_1/working_directory/modeling/final_project/project.vhd 2019/06/03.06:04:16 P.20131013
EN work/project 1559509601 \
      FL /home/juhyeong/Xilinx_ISE_DS_Lin_14.7_1015_1/working_directory/modeling/final_project/project.vhd \
      PB ieee/std_logic_1164 1381692176 PB ieee/std_logic_arith 1381692177 \
      PB ieee/STD_LOGIC_UNSIGNED 1381692179
AR work/project/Behavioral 1559509602 \
      FL /home/juhyeong/Xilinx_ISE_DS_Lin_14.7_1015_1/working_directory/modeling/final_project/project.vhd \
      EN work/project 1559509601
